gap> h4:
Syntax error: ; expected
h4:
  ^
gap> h4;
rec( isGraph := true, order := 16, 
  group := Group([ ( 2,10)( 7,11)( 8,12)( 9,13) ]), 
  schreierVector := [ -1, -2, -3, -4, -5, -6, -7, -8, -9, 1, 1, 1, 1, -10, -11, 
      -12 ], adjacencies := [ [ 16 ], [ 9 ], [ 6 ], [ 5 ], [ 4 ], [ 3 ], [ 8 ], 
      [ 7 ], [ 2 ], [ 15 ], [ 14 ], [ 1 ] ], 
  representatives := [ 1, 2, 3, 4, 5, 6, 7, 8, 9, 14, 15, 16 ], 
  names := [ [  ], [ 1 ], [ 1, 2 ], [ 1, 2, 3 ], [ 1, 2, 3, 4 ], [ 1, 2, 4 ], 
      [ 1, 3 ], [ 1, 3, 4 ], [ 1, 4 ], [ 2 ], [ 2, 3 ], [ 2, 3, 4 ], [ 2, 4 ], 
      [ 3 ], [ 3, 4 ], [ 4 ] ], isSimple := true )
gap> UndirectedEdges(h4);
[ [ 1, 16 ], [ 2, 9 ], [ 3, 6 ], [ 4, 5 ], [ 7, 8 ], [ 10, 13 ], [ 11, 12 ], 
  [ 14, 15 ] ]
gap> AutGroupGraph(h4);
<permutation group with 11 generators>
gap> agm4:=AutGroupGraph(h4);
<permutation group with 11 generators>
gap> agh4:=AutGroupGraph(Hypercube(4));
Group([ ( 4, 6)( 7, 9)(11,13)(14,16), ( 3, 7)( 6, 8)(10,14)(13,15), 
  ( 2,10)( 7,11)( 8,12)( 9,13), ( 1, 2)( 3,10)( 4,11)( 5,12)( 6,13)( 7,14)
    ( 8,15)( 9,16) ])
gap> List(agm4);
user interrupt at
pos := QuoInt( pos, len );
<compiled or corrupted call value>  called from
Length( list ) called from
ShallowCopy( Enumerator( C ) ) called from
CallFuncList( ListOp, arg ) called from
<function>( <arguments> ) called from read-eval-loop
Entering break read-eval-print loop, you can 'quit;' to quit to outer loop,
or you can return to continue
brk> 10321920
brk> Syntax error: warning: unbound global variable in *errin* line 2
Size(AutGroupGraph(Hypercube4));
                             ^
Variable: 'Hypercube4' must have a value
brk> 384
brk> > 26880
brk> [ 2, 2, 2, 2, 2, 2, 2, 2, 3, 5, 7 ]
brk> Error <N> must be a normal subgroup of <G> at
Error( "<N> must be a normal subgroup of <G>" );
LeftQuotient( InverseRepresentative( S, S.orbit[pos mod len + 1] ), elm 
 ) called from
<compiled or corrupted call value>  called from
Length( list ) called from
ShallowCopy( Enumerator( C ) ) called from
CallFuncList( ListOp, arg ) called from
...
Entering break read-eval-print loop, you can 'quit;' to quit to outer loop,
or you can return to continue
brk_02> false
brk_02> false
brk_02> Syntax error: warning: unbound global variable in *errin* line 3
mg4:=Intersection(agm4,agh4);
    ^
Group([ ( 2,10)( 7,11)( 8,12)( 9,13), ( 2,10,14)( 3,11, 7)( 6,12, 8)( 9,13,15), 
  ( 1, 2, 3, 4,11,14)( 5,12,15,16, 9, 6)( 7,10)( 8,13), 
  ( 1, 5)( 2, 8)( 3,15)( 4,16)( 6,14)( 7, 9)(10,12)(11,13) ])
brk_02> 96
brk_02> false
brk_02> false
brk_02> <permutation group of size 10321920 with 11 generators>
brk_02> Group([ ( 4, 6)( 7, 9)(11,13)(14,16), ( 3, 7)( 6, 8)(10,14)(13,15), 
  ( 2,10)( 7,11)( 8,12)( 9,13), ( 1, 2)( 3,10)( 4,11)( 5,12)( 6,13)( 7,14)
    ( 8,15)( 9,16) ])
brk_02> Syntax error: warning: unbound global variable in *errin* line 9
Generators(agm4);
          ^
Variable: 'Generators' must have a value
brk_02> [ (14,15), (11,12), (11,14)(12,15), (10,11)(12,13), (7,8), ( 7,10)( 8,13), 
  (4,5), (4,7)(5,8), (3,4)(5,6), (2,3)(6,9), ( 1, 2)( 9,16) ]
brk_02> [ ( 4, 6)( 7, 9)(11,13)(14,16), ( 3, 7)( 6, 8)(10,14)(13,15), 
  ( 2,10)( 7,11)( 8,12)( 9,13), ( 1, 2)( 3,10)( 4,11)( 5,12)( 6,13)( 7,14)
    ( 8,15)( 9,16) ]
brk_02> Syntax error: warning: unbound global variable in *errin* line 12
glgh4:=GeneratorsOfGroup(agh4);
      ^
[ ( 4, 6)( 7, 9)(11,13)(14,16), ( 3, 7)( 6, 8)(10,14)(13,15), 
  ( 2,10)( 7,11)( 8,12)( 9,13), ( 1, 2)( 3,10)( 4,11)( 5,12)( 6,13)( 7,14)
    ( 8,15)( 9,16) ]
brk_02> Syntax error: warning: unbound global variable in *errin* line 13
glgm4:=GeneratorsOfGroup(agm4);
      ^
[ (14,15), (11,12), (11,14)(12,15), (10,11)(12,13), (7,8), ( 7,10)( 8,13), 
  (4,5), (4,7)(5,8), (3,4)(5,6), (2,3)(6,9), ( 1, 2)( 9,16) ]
brk_02> [ (14,15), (11,12), (11,14)(12,15), (10,11)(12,13), (7,8), ( 7,10)( 8,13), 
  (4,5), (4,7)(5,8), (3,4)(5,6), (2,3)(6,9), ( 1, 2)( 9,16) ]
brk_02> [ ( 4, 6)( 7, 9)(11,13)(14,16), ( 3, 7)( 6, 8)(10,14)(13,15), 
  ( 2,10)( 7,11)( 8,12)( 9,13), ( 1, 2)( 3,10)( 4,11)( 5,12)( 6,13)( 7,14)
    ( 8,15)( 9,16) ]
brk_02> <permutation group with 11 generators>
brk_02> Group([ ( 4, 6)( 7, 9)(11,13)(14,16), ( 3, 7)( 6, 8)(10,14)(13,15), 
  ( 2,10)( 7,11)( 8,12)( 9,13), ( 1, 2)( 3,10)( 4,11)( 5,12)( 6,13)( 7,14)
    ( 8,15)( 9,16) ])
brk_02> [ (), ( 1, 2)( 3,10)( 4,11)( 5,12)( 6,13)( 7,14)( 8,15)( 9,16), 
  ( 1,10, 3, 2)( 4, 7,14,11)( 5, 8,15,12)( 6, 9,16,13), 
  ( 1,14,11, 4, 3, 2)( 5, 6, 9,16,15,12)( 7,10)( 8,13), 
  ( 1, 3)( 4,14)( 5,15)( 6,16), 
  ( 1,16,15,12, 5, 4, 3, 2)( 6, 7,10, 9,14,13, 8,11), 
  ( 1, 7, 3)( 4,10,14)( 5,13,15)( 6,16, 8), 
  ( 1, 9, 7, 3)( 4,10,16, 8)( 5,11,13,15)( 6,14), 
  ( 1,11, 7, 3)( 2,10,14, 4)( 5, 9,13,15)( 6,16,12, 8), 
  ( 1,13,15, 5, 7, 3)( 2,10,16,12, 8, 4)( 6,14)( 9,11), 
  ( 1, 4)( 2, 3)( 5,16)( 6, 9)( 7,10)( 8,13)(11,14)(12,15), 
  ( 1,15, 5, 3)( 2,14, 8, 4)( 6,10,16,12)( 9,11), 
  ( 1, 6, 7,10, 9, 4)( 2, 3)( 5,14,13, 8,11,16)(12,15), 
  ( 1, 8,11,16, 5,10, 9, 4)( 2, 7,14,15,12,13, 6, 3), 
  ( 1,12, 9, 4)( 2,11,16, 5)( 3,10,13, 6)( 7,14,15, 8), 
  ( 1, 5)( 2, 4)( 6,10)( 8,14)( 9,11)(12,16), ( 2,10)( 7,11)( 8,12)( 9,13), 
  ( 1, 2, 3,10)( 4,11,14, 7)( 5,12,15, 8)( 6,13,16, 9), 
  ( 1,10)( 2, 3)( 4, 7)( 5, 8)( 6, 9)(11,14)(12,15)(13,16), 
  ( 1,14,11,10)( 2, 7, 4, 3)( 5, 6, 9, 8)(12,13,16,15), 
  ( 1, 3)( 2,10)( 4,14)( 5,15)( 6,16)( 7,11)( 8,12)( 9,13), 
  ( 1,16,15,12,11,10)( 2, 9, 8, 5, 4, 3)( 6, 7)(13,14), 
  ( 1, 7,11, 3)( 2,14, 4,10)( 5,13, 9,15)( 6,16, 8,12), 
  ( 1, 9,15, 5,11, 3)( 2,16, 8,12, 4,10)( 6,14)( 7,13), 
  ( 1,11, 3)( 2,14, 4)( 5, 9,15)( 6,16,12), 
  ( 1,13,11, 3)( 2,16,12, 4)( 5, 7, 9,15)( 6,14), 
  ( 1, 4)( 2, 7,14,11,10, 3)( 5,16)( 6, 9, 8,15,12,13), 
  ( 1,15, 5, 3)( 2,16,12, 4)( 6,10,14, 8)( 7, 9,13,11), 
  ( 1, 6, 7,16, 5,14,13, 4)( 2, 9, 8,15,12,11,10, 3), 
  ( 1, 8,13, 4)( 2, 9, 6, 3)( 5,10, 7,16)(11,14,15,12), 
  ( 1,12, 7,16, 5, 2,13, 4)( 3,10,11,14,15, 8, 9, 6), 
  ( 1, 5)( 2, 6,10, 4)( 7, 9,13,11)( 8,16,12,14), 
  ( 2,14,10)( 3, 7,11)( 6, 8,12)( 9,15,13), 
  ( 1, 2, 7, 4,11,10)( 3,14)( 5,12,13,16, 9, 8)( 6,15), 
  ( 1,10)( 2,11)( 3,14)( 4, 7)( 5, 8)( 6,15)( 9,12)(13,16), 
  ( 1,14, 7, 4, 3,10)( 2,11)( 5, 6,13,16,15, 8)( 9,12), 
  ( 1, 3, 7,11)( 2, 4,14,10)( 5,15,13, 9)( 6, 8,12,16), 
  ( 1,16,15, 8, 5, 4, 3,10)( 2,13,14, 9,12, 7, 6,11), 
  ( 1, 7,11)( 2, 4,10)( 5,13, 9)( 8,12,16), ( 1, 9, 5,11)( 2, 6, 4,10)( 7,13)
    ( 8,12,14,16), ( 1,11)( 2, 4)( 5, 9)(12,16), 
  ( 1,13,11)( 2, 6, 4)( 5, 7, 9)(12,14,16), ( 1, 4)( 2,11)( 3,10)( 5,16)( 6,13)
    ( 7,14)( 8,15)( 9,12), ( 1,15,13,11)( 2, 8, 6, 4)( 3, 7, 9, 5)(10,14,16,12),
  ( 1, 6,11, 2,13, 4)( 3,10)( 5,14, 9,12, 7,16)( 8,15), 
  ( 1, 8,13, 4)( 2,15, 6,11)( 3,14, 9,12)( 5,10, 7,16), 
  ( 1,12, 3,14,13, 4)( 2,15, 6, 7,16, 5)( 8, 9)(10,11), 
  ( 1, 5)( 2, 8,16,12,10, 4)( 3, 7, 9,15,13,11)( 6,14), 
  ( 2,16,14,10)( 3, 9,15,11)( 4, 6, 8,12)( 7,13), 
  ( 1, 2, 9, 8, 5,12,11,10)( 3,16, 7, 6,15, 4,13,14), 
  ( 1,10)( 2,13,14, 3,16,11)( 4, 9,12, 7, 6,15)( 5, 8), 
  ( 1,14, 7, 8, 5, 6,13,10)( 2,15, 4, 9,12, 3,16,11), 
  ( 1, 3, 9, 5,15,11)( 2, 6, 8,12,14,10)( 4,16)( 7,13), 
  ( 1,16,13,10)( 2,15, 6,11)( 3,14, 9,12)( 4, 7, 8, 5), 
  ( 1, 7,15,11)( 2, 8,12,10)( 3, 9, 5,13)( 4,16), 
  ( 1, 9, 5,11)( 2, 8,12,10)( 3, 7,15,13)( 4,14,16, 6), 
  ( 1,11)( 2,12)( 3,13)( 4,16)( 5, 9)( 7,15), ( 1,13, 3,11)( 2,12)( 4,14,16, 6)
    ( 5, 7,15, 9), ( 1, 4, 9,12)( 2, 5,16,11)( 3, 6,13,10)( 7, 8,15,14), 
  ( 1,15, 9, 5, 3,11)( 2,12)( 4,10,14,16, 8, 6)( 7,13), 
  ( 1, 6,11, 2, 5,14, 9,12)( 3, 4, 7, 8,15,16,13,10), 
  ( 1, 8,13,14, 9,12)( 2, 5,10, 7, 6,11)( 3, 4)(15,16), 
  ( 1,12)( 2, 5)( 3, 4)( 6, 7)( 8, 9)(10,11)(13,14)(15,16), 
  ( 1, 5)( 2,12)( 3,11)( 4,10)( 6,14)( 7,13)( 8,16)( 9,15), 
  ( 3, 7)( 6, 8)(10,14)(13,15), ( 1, 2)( 3,14)( 4,11)( 5,12)( 6,15)( 7,10)
    ( 8,13)( 9,16), ( 1,10,11, 4, 7, 2)( 3,14)( 5, 8, 9,16,13,12)( 6,15), 
  ( 1,14, 7, 2)( 3,10,11, 4)( 5, 6,13,12)( 8, 9,16,15), 
  ( 1, 3, 7)( 4,14,10)( 5,15,13)( 6, 8,16), 
  ( 1,16,15, 8, 7, 2)( 3,10,13,12, 5, 4)( 6,11)( 9,14), 
  ( 1, 7)( 4,10)( 5,13)( 8,16), ( 1, 9, 7)( 4,10, 6)( 5,11,13)( 8,14,16), 
  ( 1,11, 7)( 2,10, 4)( 5, 9,13)( 8,16,12), 
  ( 1,13, 5, 7)( 2,10, 6, 4)( 8,14,16,12)( 9,11), 
  ( 1, 4)( 2, 3,10,11,14, 7)( 5,16)( 6,13,12,15, 8, 9), 
  ( 1,15,13, 5, 3, 7)( 2,14,16,12, 6, 4)( 8,10)( 9,11), 
  ( 1, 6,11,16, 5,14, 9, 4)( 2, 3,10,13,12,15, 8, 7), 
  ( 1, 8, 3,14, 9, 4)( 2, 7)( 5,10,15, 6,11,16)(12,13), 
  ( 1,12, 9, 4)( 2,11,16, 5)( 3,14,13, 8)( 6, 7,10,15), 
  ( 1, 5)( 2, 4)( 3, 7)( 6,14)( 8,10)( 9,11)(12,16)(13,15), 
  ( 2,10,14)( 3,11, 7)( 6,12, 8)( 9,13,15), 
  ( 1, 2, 3, 4,11,14)( 5,12,15,16, 9, 6)( 7,10)( 8,13), 
  ( 1,10,11,14)( 2, 3, 4, 7)( 5, 8, 9, 6)(12,15,16,13), 
  ( 1,14)( 2, 7)( 3, 4)( 5, 6)( 8, 9)(10,11)(12,13)(15,16), 
  ( 1, 3,11, 7)( 2,10, 4,14)( 5,15, 9,13)( 6,12, 8,16), 
  ( 1,16,15,14)( 2, 9, 8, 7)( 3, 6, 5, 4)(10,13,12,11), 
  ( 1, 7)( 2,14)( 3,11)( 4,10)( 5,13)( 6,12)( 8,16)( 9,15), 
  ( 1, 9,15, 7)( 2,16, 8,14)( 3,13, 5,11)( 4,10, 6,12), 
  ( 1,11, 3, 7)( 2,14,10, 4)( 5, 9,15,13)( 6, 8,16,12), 
  ( 1,13, 5, 7)( 2,16,12, 4)( 3, 9,15,11)( 6, 8,14,10), 
  ( 1, 4)( 2, 7)( 3,14)( 5,16)( 6,15)( 8, 9)(10,11)(12,13), 
  ( 1,15,11, 7)( 2,16,12, 4)( 3, 9,13, 5)( 8,10), 
  ( 1, 6,15, 4)( 2, 9, 8, 7)( 3,16, 5,14)(10,13,12,11), 
  ( 1, 8, 3,16, 5,10,15, 4)( 2, 9, 6,13,12,11,14, 7), 
  ( 1,12, 7,10,15, 4)( 2,13, 8, 3,16, 5)( 6, 9)(11,14), 
  ( 1, 5)( 2, 6,16,12,14, 4)( 3, 9,13,15,11, 7)( 8,10), 
  ( 2,14)( 3,11)( 6,12)( 9,15), ( 1, 2, 7,14)( 3, 4,11,10)( 5,12,13, 6)
    ( 8,15,16, 9), ( 1,10, 3, 4, 7,14)( 2,11)( 5, 8,15,16,13, 6)( 9,12), 
  ( 1,14)( 2,11)( 3, 4)( 5, 6)( 7,10)( 8,13)( 9,12)(15,16), 
  ( 1, 3,11)( 2, 4,14)( 5,15, 9)( 6,12,16), 
  ( 1,16,15,14)( 2,13, 8,11)( 3, 6, 5, 4)( 7,10, 9,12), 
  ( 1, 7, 3,11)( 2, 4,10,14)( 5,13,15, 9)( 6,12,16, 8), 
  ( 1, 9, 5,11)( 2, 6,12,14)( 3,13,15, 7)( 4,10,16, 8), 
  ( 1,11)( 2, 4)( 3, 7)( 5, 9)( 6, 8)(10,14)(12,16)(13,15), 
  ( 1,13,15,11)( 2, 6, 8, 4)( 3, 9, 5, 7)(10,16,12,14), 
  ( 1, 4)( 2,11)( 3,14)( 5,16)( 6,15)( 7,10)( 8,13)( 9,12), 
  ( 1,15,11)( 2, 8, 4)( 3, 9, 5)(10,16,12), 
  ( 1, 6,15, 4)( 2,13, 8,11)( 3,16, 5,14)( 7,10, 9,12), 
  ( 1, 8,11, 2,15, 4)( 3,16, 5,10, 9,12)( 6,13)( 7,14), 
  ( 1,12, 3,16, 5, 2,15, 4)( 6, 9, 8, 7,14,11,10,13), 
  ( 1, 5)( 2, 8,14, 4)( 3, 9,15,11)( 6,16,12,10), 
  ( 2,16,14)( 3,13,11)( 4, 6,12)( 7, 9,15), 
  ( 1, 2, 9, 8,15,14)( 3, 6, 5,12,11,10)( 4,13)( 7,16), 
  ( 1,10, 3, 6, 5, 8,15,14)( 2,13, 4, 9,12, 7,16,11), 
  ( 1,14)( 2,15,10, 7,16,11)( 3, 8,13, 4, 9,12)( 5, 6), 
  ( 1, 3,13,11)( 2, 6,12,14)( 4,16)( 5,15, 7, 9), 
  ( 1,16,13, 6, 5, 4, 7,14)( 2,15,10, 9,12, 3, 8,11), 
  ( 1, 7, 9, 5,13,11)( 2, 8, 6,12,10,14)( 3,15)( 4,16), 
  ( 1, 9, 5,11)( 2, 8, 4,14)( 3,15)( 6,12,10,16), 
  ( 1,11)( 2,12)( 3,15)( 4,16)( 5, 9)( 6, 8)( 7,13)(10,14), 
  ( 1,13, 9, 5, 7,11)( 2,12)( 3,15)( 4,14,10,16, 6, 8), 
  ( 1, 4, 9,12)( 2, 5,16,11)( 3, 8,13,14)( 6,15,10, 7), 
  ( 1,15, 7,11)( 2,12)( 3,13, 9, 5)( 4,10,16, 8), 
  ( 1, 6,15,10, 9,12)( 2, 5,14, 3, 8,11)( 4, 7)(13,16), 
  ( 1, 8,11, 2, 5,10, 9,12)( 3, 6,13,16,15,14, 7, 4), 
  ( 1,12)( 2, 5)( 3, 6, 9, 8, 7, 4)(10,13,16,15,14,11), 
  ( 1, 5)( 2,12)( 3,13, 9,15, 7,11)( 4,10, 6,16, 8,14), 
  ( 3, 9, 7)( 4, 6, 8)(10,16,14)(11,13,15), 
  ( 1, 2)( 3,16, 7,10, 9,14)( 4,13, 8,11, 6,15)( 5,12), 
  ( 1,10,13,12, 5, 8, 7, 2)( 3,16,11, 6,15, 4, 9,14), 
  ( 1,14, 7, 2)( 3,16,11, 8)( 4, 9,10,15)( 5, 6,13,12), 
  ( 1, 3, 9, 7)( 4,16)( 5,15,11,13)( 6, 8,14,10), 
  ( 1,16,13,12, 5, 4, 7, 2)( 3,14, 9,10,15, 6,11, 8), 
  ( 1, 7)( 3, 9)( 4,16)( 5,13)( 8,10)(11,15), 
  ( 1, 9, 3, 7)( 4,14,16, 6)( 5,11,15,13)( 8,10), 
  ( 1,11,15, 7)( 2,10,12, 8)( 3,13, 5, 9)( 4,16), 
  ( 1,13, 5, 7)( 2,10,12, 8)( 3,11,15, 9)( 4,14,16, 6), 
  ( 1, 4, 9,10, 5,16,11, 8)( 2, 3, 6,13,12,15,14, 7), 
  ( 1,15, 9, 7)( 2,14,16, 8)( 3,11,13, 5)( 4,10,12, 6), 
  ( 1, 6,11, 8)( 2, 3, 4, 7)( 5,14, 9,10)(12,15,16,13), 
  ( 1, 8)( 2, 7)( 3, 4)( 5,10)( 6,11)( 9,14)(12,13)(15,16), 
  ( 1,12, 9,14,13, 8)( 2,11, 6, 7,10, 5)( 3, 4)(15,16), 
  ( 1, 5)( 2, 4,10,12,16, 8)( 3,11,13,15, 9, 7)( 6,14), 
  ( 2,10,16,14)( 3,13,15, 7)( 4, 6,12, 8)( 9,11), 
  ( 1, 2, 3, 6, 5,12,15,14)( 4,13, 8,11,16, 7,10, 9), 
  ( 1,10,13,12,15,14)( 2, 3, 6, 5, 8, 7)( 4, 9)(11,16), 
  ( 1,14)( 2, 7)( 3, 8)( 4, 9)( 5, 6)(10,15)(11,16)(12,13), 
  ( 1, 3,13, 5,15, 7)( 2,10, 6,12, 8,14)( 4,16)( 9,11), 
  ( 1,16,13,12,11,14)( 2, 9, 6, 5, 4, 7)( 3, 8)(10,15), 
  ( 1, 7)( 2,14)( 3,15)( 4,16)( 5,13)( 6,12)( 8,10)( 9,11), 
  ( 1, 9,13, 5,11, 7)( 2,16, 6,12, 4,14)( 3,15)( 8,10), 
  ( 1,11,13, 5, 9, 7)( 2,14,10,12, 6, 8)( 3,15)( 4,16), 
  ( 1,13, 5, 7)( 2,16, 6, 8)( 3,15)( 4,14,10,12), 
  ( 1, 4, 9,14, 3, 8)( 2, 7)( 5,16,11, 6,15,10)(12,13), 
  ( 1,15, 7)( 2,16, 8)( 3,13, 5)( 4,10,12), 
  ( 1, 6,15,10, 5,14, 3, 8)( 2, 9,16,13,12,11, 4, 7), 
  ( 1, 8)( 2, 9,16,15,14, 7)( 3, 6,13,12,11, 4)( 5,10), 
  ( 1,12, 7,10, 5, 2,13, 8)( 3, 6, 9,16,15,14,11, 4), 
  ( 1, 5)( 2, 6,16, 8)( 3,13,15, 7)( 4,10,12,14), 
  ( 2,14)( 3,15)( 4, 8)( 6,12)( 9,11)(10,16), 
  ( 1, 2, 7,14)( 3, 8,11,16)( 4,15,10, 9)( 5,12,13, 6), 
  ( 1,10,13, 6, 5, 8, 7,14)( 2,11,16, 3,12, 9, 4,15), 
  ( 1,14)( 2,11,16, 7,10,15)( 3,12, 9, 4,13, 8)( 5, 6), 
  ( 1, 3, 5,15)( 2, 4, 8,14)( 6,12,16,10)( 9,11), 
  ( 1,16, 9, 6, 5, 4,11,14)( 2,13, 8, 3,12, 7,10,15), 
  ( 1, 7, 3, 5,13,15)( 2, 4, 6,12,16,14)( 8,10)( 9,11), 
  ( 1, 9,13,15)( 2, 6,12,14)( 3, 5,11, 7)( 8,10), 
  ( 1,11,13,15)( 2, 4, 6, 8)( 3, 5, 9, 7)(10,12,16,14), 
  ( 1,13,15)( 2, 6, 8)( 3, 5, 7)(10,12,14), 
  ( 1, 4,13, 8)( 2,11, 6,15)( 3,12, 9,14)( 5,16, 7,10), 
  ( 1,15)( 2, 8)( 3, 5)(10,12), ( 1, 6,15, 2,13, 8)( 3,12, 7,10, 5,14)( 4,11)
    ( 9,16), ( 1, 8)( 2,15)( 3,12)( 4,11)( 5,10)( 6,13)( 7,14)( 9,16), 
  ( 1,12, 3, 8)( 2,15,10, 5)( 4, 7,14,11)( 6, 9,16,13), 
  ( 1, 5)( 2, 8)( 3,15)( 4,14)( 6,16)(10,12), ( 2,16,10,14)( 3,15)( 4, 8, 6,12)
    ( 7, 9,13,11), ( 1, 2, 9, 6, 5,12,11,14)( 3, 8,13, 4,15,10, 7,16), 
  ( 1,10,11,14)( 2,13, 4,15)( 3,12, 7,16)( 5, 8, 9, 6), 
  ( 1,14)( 2,15)( 3,12)( 4,13)( 5, 6)( 7,16)( 8, 9)(10,11), 
  ( 1, 3, 5,15)( 2, 6,12,14)( 4, 8,16,10)( 7, 9,13,11), 
  ( 1,16, 9, 8, 7,14)( 2,15)( 3,12)( 4,11,10,13, 6, 5), 
  ( 1, 7, 9,15)( 2, 8,16,14)( 3, 5,13,11)( 4, 6,12,10), 
  ( 1, 9,15)( 2, 8,14)( 3, 5,11)( 6,12,10), 
  ( 1,11, 3, 5, 9,15)( 2,12)( 4, 6, 8,16,14,10)( 7,13), 
  ( 1,13, 9,15)( 2,12)( 3, 5, 7,11)( 6, 8,14,10), 
  ( 1, 4,13,14, 3,12)( 2, 5,16, 7, 6,15)( 8, 9)(10,11), 
  ( 1,15)( 2,12)( 3, 5)( 7,11)( 8,10)( 9,13), 
  ( 1, 6,15, 2, 5,14, 3,12)( 4,11,10,13,16, 9, 8, 7), 
  ( 1, 8, 3,12)( 2, 5,10,15)( 4,11,14, 7)( 6,13,16, 9), 
  ( 1,12)( 2, 5)( 3, 8)( 4, 7)( 6, 9)(10,15)(11,14)(13,16), 
  ( 1, 5)( 2,12)( 3,15)( 4,14)( 6,16)( 7,11)( 8,10)( 9,13), 
  ( 4, 6)( 7, 9)(11,13)(14,16), ( 1, 2)( 3,10)( 4,13)( 5,12)( 6,11)( 7,16)
    ( 8,15)( 9,14), ( 1,10, 3, 2)( 4, 9,14,13)( 5, 8,15,12)( 6, 7,16,11), 
  ( 1,14,15,12, 5, 6, 3, 2)( 4, 9,10, 7,16,11, 8,13), 
  ( 1, 3)( 4,16)( 5,15)( 6,14)( 7, 9)(11,13), 
  ( 1,16,13, 6, 3, 2)( 4, 7,14,15,12, 5)( 8,11)( 9,10), 
  ( 1, 7, 9, 3)( 4,16)( 5,13,11,15)( 6,10,14, 8), 
  ( 1, 9, 3)( 4,14, 8)( 5,11,15)( 6,10,16), 
  ( 1,11,15, 5, 9, 3)( 2,10,14,12, 8, 6)( 4,16)( 7,13), 
  ( 1,13, 9, 3)( 2,10,16, 6)( 4,14,12, 8)( 5, 7,11,15), 
  ( 1, 4, 9,10, 7, 6)( 2, 3)( 5,16,11, 8,13,14)(12,15), 
  ( 1,15, 5, 3)( 2,14,12, 6)( 4,10,16, 8)( 7,11,13, 9), 
  ( 1, 6)( 2, 3)( 4, 7)( 5,14)( 8,11)( 9,10)(12,15)(13,16), 
  ( 1, 8,11, 6)( 2, 7, 4, 3)( 5,10, 9,14)(12,13,16,15), 
  ( 1,12, 9,14, 5, 2,11, 6)( 3,10,13,16,15, 8, 7, 4), 
  ( 1, 5)( 2, 4,10, 6)( 7,11,13, 9)( 8,14,12,16), 
  ( 2,10)( 4, 6)( 7,13)( 8,12)( 9,11)(14,16), 
  ( 1, 2, 3,10)( 4,13,14, 9)( 5,12,15, 8)( 6,11,16, 7), 
  ( 1,10)( 2, 3)( 4, 9)( 5, 8)( 6, 7)(11,16)(12,15)(13,14), 
  ( 1,14,15,12,13,10)( 2, 7, 8, 5, 6, 3)( 4, 9)(11,16), 
  ( 1, 3)( 2,10)( 4,16)( 5,15)( 6,14)( 7,13)( 8,12)( 9,11), 
  ( 1,16,13,10)( 2, 9, 6, 3)( 4, 7, 8, 5)(11,14,15,12), 
  ( 1, 7,15, 5,13, 3)( 2,14, 8,12, 6,10)( 4,16)( 9,11), 
  ( 1, 9,13, 3)( 2,16, 6,10)( 4,14, 8,12)( 5,11, 7,15), 
  ( 1,11,13, 3)( 2,14,12, 6)( 4,16)( 5, 9, 7,15), 
  ( 1,13, 3)( 2,16, 6)( 4,14,12)( 5, 7,15), 
  ( 1, 4, 9,14, 5,16,11, 6)( 2, 7, 8,15,12,13,10, 3), 
  ( 1,15, 5, 3)( 2,16, 8, 6)( 4,10,14,12)( 7,13), 
  ( 1, 6)( 2, 9,16,13,10, 3)( 4, 7, 8,15,12,11)( 5,14), 
  ( 1, 8,13,14, 5,10, 7, 6)( 2, 9,16,15,12,11, 4, 3), 
  ( 1,12, 7, 6)( 2,13,14, 5)( 3,10,11, 4)( 8, 9,16,15), 
  ( 1, 5)( 2, 6)( 4,10)( 7,13)( 8,16)(12,14), 
  ( 2,14,16,10)( 3, 7,15,13)( 4, 8,12, 6)( 9,11), 
  ( 1, 2, 7, 8, 5,12,13,10)( 3,14, 9, 4,15, 6,11,16), 
  ( 1,10)( 2,11,16, 3,14,13)( 4,15, 6, 7,12, 9)( 5, 8), 
  ( 1,14,15, 8, 5, 6, 3,10)( 2,11,16, 7,12, 9, 4,13), 
  ( 1, 3, 7, 5,15,13)( 2, 4, 8,12,16,10)( 6,14)( 9,11), 
  ( 1,16, 9, 6, 3,10)( 2,13)( 4,11,14,15, 8, 5)( 7,12), 
  ( 1, 7, 5,13)( 2, 4, 6,10)( 8,12,16,14)( 9,11), 
  ( 1, 9,13)( 2, 6,10)( 5,11, 7)( 8,12,14), 
  ( 1,11,13)( 2, 4, 6)( 5, 9, 7)(12,16,14), ( 1,13)( 2, 6)( 5, 7)(12,14), 
  ( 1, 4,13, 2,11, 6)( 3,10)( 5,16, 7,12, 9,14)( 8,15), 
  ( 1,15,13)( 2, 8, 6)( 3, 7, 5)(10,14,12), ( 1, 6)( 2,13)( 3,10)( 4,11)( 5,14)
    ( 7,12)( 8,15)( 9,16), ( 1, 8,13, 2,15, 6)( 3,14, 5,10, 7,12)( 4,11)( 9,16),
  ( 1,12, 3,14, 5, 2,15, 6)( 4, 7, 8, 9,16,13,10,11), 
  ( 1, 5)( 2, 8,16, 6)( 3, 7,15,13)( 4,14,12,10), 
  ( 2,16,10)( 3, 9,13)( 4, 8,12)( 7,15,11), ( 1, 2, 9, 6,13,10)( 3,16)( 4,15)
    ( 5,12,11,14, 7, 8), ( 1,10)( 2,13)( 3,16)( 4,15)( 5, 8)( 6, 9)( 7,12)
    (11,14), ( 1,14,11,10)( 2,15, 4,13)( 3,16, 7,12)( 5, 6, 9, 8), 
  ( 1, 3, 9,13)( 2, 6,16,10)( 4, 8,12,14)( 5,15,11, 7), 
  ( 1,16, 9, 8, 5, 4,11,10)( 2,15, 6, 7,12, 3,14,13), 
  ( 1, 7, 5,13)( 2, 8,12,10)( 3, 9,15,11)( 4, 6,16,14), 
  ( 1, 9,15,13)( 2, 8,12,10)( 3, 7, 5,11)( 6,14), 
  ( 1,11, 3,13)( 2,12)( 4, 6,16,14)( 5, 9,15, 7), 
  ( 1,13)( 2,12)( 3,11)( 5, 7)( 6,14)( 9,15), 
  ( 1, 4,13, 2, 5,16, 7,12)( 3, 6, 9, 8,15,14,11,10), 
  ( 1,15, 9,13)( 2,12)( 3,11, 7, 5)( 6,10,14, 8), 
  ( 1, 6, 7,12)( 2, 5,14,13)( 3, 4,11,10)( 8,15,16, 9), 
  ( 1, 8,13, 2, 5,10, 7,12)( 3, 4,11,14,15,16, 9, 6), 
  ( 1,12)( 2, 5)( 3, 4, 7, 8, 9, 6)(10,11,14,15,16,13), 
  ( 1, 5)( 2,12)( 3,11, 7,15, 9,13)( 4,14, 8,16, 6,10), 
  ( 3, 7, 9)( 4, 8, 6)(10,14,16)(11,15,13), 
  ( 1, 2)( 3,14, 9,10, 7,16)( 4,15, 6,11, 8,13)( 5,12), 
  ( 1,10,11,12, 5, 8, 9, 2)( 3,14,13, 4,15, 6, 7,16), 
  ( 1,14,15, 8, 9, 2)( 3,10,11,12, 5, 6)( 4,13)( 7,16), 
  ( 1, 3, 7, 9)( 4, 8,16,10)( 5,15,13,11)( 6,14), 
  ( 1,16, 9, 2)( 3,10,13, 6)( 4,11,12, 5)( 7,14,15, 8), 
  ( 1, 7, 9)( 4, 6,10)( 5,13,11)( 8,16,14), ( 1, 9)( 5,11)( 6,10)( 8,14), 
  ( 1,11, 5, 9)( 2,10, 4, 6)( 7,13)( 8,16,14,12), 
  ( 1,13, 9)( 2,10, 6)( 5, 7,11)( 8,14,12), 
  ( 1, 4,13,14, 5,16, 7, 6)( 2, 3,10,11,12,15, 8, 9), 
  ( 1,15,13, 9)( 2,14,12, 6)( 3, 7,11, 5)( 8,10), 
  ( 1, 6)( 2, 3,10,13,16, 9)( 4,11,12,15, 8, 7)( 5,14), 
  ( 1, 8, 3,14, 5,10,15, 6)( 2, 7, 4,11,12,13,16, 9), 
  ( 1,12, 9,10,15, 6)( 2,11, 8, 3,14, 5)( 4, 7)(13,16), 
  ( 1, 5)( 2, 4,14,12,16, 6)( 3, 7,11,15,13, 9)( 8,10), 
  ( 2,10,14,16)( 3,11,15, 9)( 4,12, 8, 6)( 7,13), 
  ( 1, 2, 3, 4, 5,12,15,16)( 6,11, 8,13,14, 9,10, 7), 
  ( 1,10,11,12,15,16)( 2, 3, 4, 5, 8, 9)( 6, 7)(13,14), 
  ( 1,14,15,16)( 2, 7, 8, 9)( 3, 4, 5, 6)(10,11,12,13), 
  ( 1, 3,11, 5,15, 9)( 2,10, 4,12, 8,16)( 6,14)( 7,13), 
  ( 1,16)( 2, 9)( 3, 6)( 4, 5)( 7, 8)(10,13)(11,12)(14,15), 
  ( 1, 7,15, 9)( 2,14, 8,16)( 3,11, 5,13)( 4,12, 6,10), 
  ( 1, 9)( 2,16)( 3,13)( 4,12)( 5,11)( 6,10)( 7,15)( 8,14), 
  ( 1,11, 5, 9)( 2,14,12, 6)( 3, 7,15,13)( 4, 8,16,10), 
  ( 1,13, 3, 9)( 2,16,10, 6)( 4, 8,14,12)( 5, 7,15,11), 
  ( 1, 4,15, 6)( 2, 7, 8, 9)( 3,14, 5,16)(10,11,12,13), 
  ( 1,15,11, 5, 3, 9)( 2,16,14,12, 4, 6)( 7,13)( 8,10), 
  ( 1, 6)( 2, 9)( 3,16)( 4,15)( 5,14)( 7, 8)(10,13)(11,12), 
  ( 1, 8, 3,16, 7, 6)( 2, 9)( 4,13,14, 5,10,15)(11,12), 
  ( 1,12, 7, 6)( 2,13,14, 5)( 3,16,11, 8)( 4, 9,10,15), 
  ( 1, 5)( 2, 6)( 3, 9)( 4,16)( 7,13)( 8,10)(11,15)(12,14), 
  ( 2,14,16)( 3,11,13)( 4,12, 6)( 7,15, 9), 
  ( 1, 2, 7, 8,15,16)( 3, 4, 5,12,13,10)( 6,11)( 9,14), 
  ( 1,10, 3, 4, 5, 8,15,16)( 2,11, 6, 7,12, 9,14,13), 
  ( 1,14,15,16)( 2,11, 8,13)( 3, 4, 5, 6)( 7,12, 9,10), 
  ( 1, 3,11,13)( 2, 4,12,16)( 5,15, 9, 7)( 6,14), 
  ( 1,16)( 2,13)( 3, 6)( 4, 5)( 7,12)( 8,11)( 9,10)(14,15), 
  ( 1, 7, 5,13)( 2, 4,12,16)( 3,11,15, 9)( 6,10,14, 8), 
  ( 1, 9, 3,13)( 2, 6,10,16)( 4,12,14, 8)( 5,11,15, 7), 
  ( 1,11,15,13)( 2, 4, 8, 6)( 3, 7, 5, 9)(10,14,12,16), 
  ( 1,13)( 2, 6)( 3, 9)( 4, 8)( 5, 7)(10,16)(11,15)(12,14), 
  ( 1, 4,15, 6)( 2,11, 8,13)( 3,14, 5,16)( 7,12, 9,10), 
  ( 1,15,11,13)( 2, 8, 4, 6)( 3, 9, 7, 5)(10,16,14,12), 
  ( 1, 6)( 2,13)( 3,16)( 4,15)( 5,14)( 7,12)( 8,11)( 9,10), 
  ( 1, 8,11, 6)( 2,15, 4,13)( 3,16, 7,12)( 5,10, 9,14), 
  ( 1,12, 3,16,11, 6)( 2,15, 4, 9,14, 5)( 7, 8)(10,13), 
  ( 1, 5)( 2, 8,14,12,10, 6)( 3, 9, 7,15,11,13)( 4,16), 
  ( 2,16)( 3,13)( 4,12)( 7,15), ( 1, 2, 9,16)( 3, 6,13,10)( 4, 5,12,11)
    ( 7, 8,15,14), ( 1,10, 3, 6, 9,16)( 2,13)( 4, 5, 8,15,14,11)( 7,12), 
  ( 1,14,11, 4, 5, 6, 9,16)( 2,15,10, 7,12, 3, 8,13), 
  ( 1, 3,13)( 2, 6,16)( 4,12,14)( 5,15, 7), 
  ( 1,16)( 2,15,10, 9,14,13)( 3, 8,11, 6, 7,12)( 4, 5), 
  ( 1, 7, 5,13)( 2, 8, 6,16)( 3,15)( 4,12,10,14), 
  ( 1, 9, 7, 5,11,13)( 2, 8, 4,12,10,16)( 3,15)( 6,14), 
  ( 1,11, 7, 5, 9,13)( 2,12)( 3,15)( 4, 8, 6,16,10,14), 
  ( 1,13)( 2,12)( 3,15)( 4, 8)( 5, 7)( 6,14)( 9,11)(10,16), 
  ( 1, 4,15,10, 7,12)( 2, 5,16, 3, 8,13)( 6, 9)(11,14), 
  ( 1,15, 7, 5, 3,13)( 2,12)( 4, 6,10,16,14, 8)( 9,11), 
  ( 1, 6, 7,12)( 2, 5,14,13)( 3, 8,11,16)( 4,15,10, 9), 
  ( 1, 8,11,16, 7,12)( 2, 5,10, 9, 4,13)( 3, 6)(14,15), 
  ( 1,12)( 2, 5)( 3, 6)( 4, 9)( 7, 8)(10,13)(11,16)(14,15), 
  ( 1, 5)( 2,12)( 3,13)( 4,16)( 6,10)( 7,15)( 8,14)( 9,11), 
  ( 3, 9)( 4, 8)(10,16)(11,15), ( 1, 2)( 3,16)( 4,15)( 5,12)( 6,13)( 7,14)
    ( 8,11)( 9,10), ( 1,10,13, 6, 9, 2)( 3,16)( 4,15)( 5, 8, 7,14,11,12), 
  ( 1,14,11,12, 5, 6, 9, 2)( 3,16, 7,10,15, 4,13, 8), 
  ( 1, 3, 9)( 4, 8,14)( 5,15,11)( 6,16,10), 
  ( 1,16, 9, 2)( 3,14,13, 8)( 4,11,12, 5)( 6, 7,10,15), 
  ( 1, 7, 3, 9)( 4, 6,16,14)( 5,13,15,11)( 8,10), 
  ( 1, 9)( 3, 7)( 5,11)( 6,14)( 8,10)(13,15), 
  ( 1,11, 5, 9)( 2,10,12, 8)( 3,13,15, 7)( 4, 6,16,14), 
  ( 1,13,15, 9)( 2,10,12, 8)( 3,11, 5, 7)( 6,14), 
  ( 1, 4,13, 8)( 2, 3, 6, 9)( 5,16, 7,10)(11,12,15,14), 
  ( 1,15, 9)( 2,14, 8)( 3,11, 5)( 6,10,12), 
  ( 1, 6, 7,10, 5,14,13, 8)( 2, 3, 4,11,12,15,16, 9), 
  ( 1, 8)( 2, 7,14,15,16, 9)( 3, 4,11,12,13, 6)( 5,10), 
  ( 1,12, 9,10, 5, 2,11, 8)( 3, 4, 7,14,15,16,13, 6), 
  ( 1, 5)( 2, 4,14, 8)( 3,11,15, 9)( 6,10,12,16), 
  ( 2,10,16)( 3,13, 9)( 4,12, 8)( 7,11,15), 
  ( 1, 2, 3, 6,13,16)( 4, 5,12,15,14, 7)( 8,11)( 9,10), 
  ( 1,10,13,16)( 2, 3, 6, 9)( 4, 5, 8, 7)(11,12,15,14), 
  ( 1,14,11,12,13,16)( 2, 7, 4, 5, 6, 9)( 3, 8)(10,15), 
  ( 1, 3,13, 9)( 2,10, 6,16)( 4,12, 8,14)( 5,15, 7,11), 
  ( 1,16)( 2, 9)( 3, 8)( 4, 5)( 6, 7)(10,15)(11,12)(13,14), 
  ( 1, 7,11, 5,13, 9)( 2,14, 4,12, 6,16)( 3,15)( 8,10), 
  ( 1, 9)( 2,16)( 3,15)( 4,12)( 5,11)( 6,14)( 7,13)( 8,10), 
  ( 1,11, 5, 9)( 2,14, 4, 8)( 3,15)( 6,16,10,12), 
  ( 1,13,11, 5, 7, 9)( 2,16,10,12, 4, 8)( 3,15)( 6,14), 
  ( 1, 4,15,10, 5,16, 3, 8)( 2, 7,14,11,12,13, 6, 9), 
  ( 1,15, 7, 9)( 2,16,14, 8)( 3,13,11, 5)( 4, 6,10,12), 
  ( 1, 6, 7,16, 3, 8)( 2, 9)( 4,15,10, 5,14,13)(11,12), 
  ( 1, 8)( 2, 9)( 3, 6)( 4,13)( 5,10)( 7,16)(11,12)(14,15), 
  ( 1,12, 7,16,11, 8)( 2,13, 4, 9,10, 5)( 3, 6)(14,15), 
  ( 1, 5)( 2, 6,10,12,14, 8)( 3,13,11,15, 7, 9)( 4,16), 
  ( 2,14,10,16)( 3,15)( 4,12, 6, 8)( 7,11,13, 9), 
  ( 1, 2, 7, 4, 5,12,13,16)( 3, 8,11, 6,15,10, 9,14), 
  ( 1,10,13,16)( 2,11, 6,15)( 3,12, 9,14)( 4, 5, 8, 7), 
  ( 1,14, 7, 4, 5, 6,13,16)( 2,11, 8, 3,12, 9,10,15), 
  ( 1, 3, 5,15)( 2, 4,12,16)( 6, 8,14,10)( 7,11,13, 9), 
  ( 1,16)( 2,13,14, 9,10,15)( 3,12, 7, 6,11, 8)( 4, 5), 
  ( 1, 7,11,15)( 2, 4,12,16)( 3, 5,13, 9)( 8,10), 
  ( 1, 9, 3, 5,11,15)( 2, 6, 4,12,14,16)( 7,13)( 8,10), 
  ( 1,11,15)( 2, 4, 8)( 3, 5, 9)(10,12,16), 
  ( 1,13,11,15)( 2, 6, 4, 8)( 3, 5, 7, 9)(10,12,14,16), 
  ( 1, 4,15, 2,11, 8)( 3,12, 9,10, 5,16)( 6,13)( 7,14), 
  ( 1,15)( 2, 8)( 3, 5)( 4, 6)( 7, 9)(10,12)(11,13)(14,16), 
  ( 1, 6,11, 8)( 2,13, 4,15)( 3,12, 7,16)( 5,14, 9,10), 
  ( 1, 8)( 2,15)( 3,12)( 4,13)( 5,10)( 6,11)( 7,16)( 9,14), 
  ( 1,12, 3, 8)( 2,15,10, 5)( 4, 9,14,13)( 6, 7,16,11), 
  ( 1, 5)( 2, 8)( 3,15)( 4,16)( 6,14)( 7, 9)(10,12)(11,13), 
  ( 2,16)( 3,15)( 4,12)( 6, 8)( 7,13)(10,14), 
  ( 1, 2, 9,16)( 3, 8,13,14)( 4, 5,12,11)( 6,15,10, 7), 
  ( 1,10,11, 4, 5, 8, 9,16)( 2,13,14, 3,12, 7, 6,15), 
  ( 1,14, 7, 8, 9,16)( 2,15)( 3,12)( 4, 5, 6,13,10,11), 
  ( 1, 3, 5,15)( 2, 6, 8,16)( 4,12,14,10)( 7,13), 
  ( 1,16)( 2,15)( 3,12)( 4, 5)( 6,11)( 7, 8)( 9,14)(10,13), 
  ( 1, 7,15)( 2, 8,16)( 3, 5,13)( 4,12,10), 
  ( 1, 9, 7,15)( 2, 8,14,16)( 3, 5,11,13)( 4,12,10, 6), 
  ( 1,11, 7,15)( 2,12)( 3, 5, 9,13)( 4, 8,16,10), 
  ( 1,13, 3, 5, 7,15)( 2,12)( 4, 8,14,16,10, 6)( 9,11), 
  ( 1, 4,15, 2, 5,16, 3,12)( 6,13,10,11,14, 7, 8, 9), 
  ( 1,15)( 2,12)( 3, 5)( 4, 6)( 7,13)( 8,10)( 9,11)(14,16), 
  ( 1, 6,11,16, 3,12)( 2, 5,14, 9, 4,15)( 7, 8)(10,13), 
  ( 1, 8, 3,12)( 2, 5,10,15)( 4,13,14, 9)( 6,11,16, 7), 
  ( 1,12)( 2, 5)( 3, 8)( 4, 9)( 6, 7)(10,15)(11,16)(13,14), 
  ( 1, 5)( 2,12)( 3,15)( 4,16)( 6,14)( 7,13)( 8,10)( 9,11) ]
brk_02> user interrupt at
S := G!.stabChain;
<compiled or corrupted call value>  called from
Length( list ) called from
ShallowCopy( Enumerator( C ) ) called from
CallFuncList( ListOp, arg ) called from
Error( "<N> must be a normal subgroup of <G>" ); called from
...
Entering break read-eval-print loop, you can 'quit;' to quit to outer loop,
or you can return to continue
brk_03> [ (), ( 1,14,11, 4, 3, 2)( 5, 6, 9,16,15,12)( 7,10)( 8,13), 
  ( 1,10,11, 4, 7, 2)( 3,14)( 5, 8, 9,16,13,12)( 6,15), 
  ( 1,11, 3)( 2,14, 4)( 5, 9,15)( 6,16,12), ( 1, 2)( 3,14)( 4,11)( 5,12)( 6,15)
    ( 7,10)( 8,13)( 9,16), ( 1, 7)( 2,14)( 3,11)( 4,10)( 5,13)( 6,12)( 8,16)
    ( 9,15), ( 1, 3)( 2,10)( 4,14)( 5,15)( 6,16)( 7,11)( 8,12)( 9,13), 
  ( 1, 4)( 2,11)( 3,14)( 5,16)( 6,15)( 7,10)( 8,13)( 9,12), 
  ( 1, 5)( 2, 8)( 3,15)( 4,16)( 6,14)( 7, 9)(10,12)(11,13), 
  ( 1, 6, 7,12)( 2, 5,14,13)( 3, 8,11,16)( 4,15,10, 9), 
  ( 1,12)( 2, 5)( 3, 6)( 4, 9)( 7, 8)(10,13)(11,16)(14,15), 
  ( 1,13,11,15)( 2, 6, 4, 8)( 3, 5, 7, 9)(10,12,14,16), 
  ( 1, 8,11,16, 7,12)( 2, 5,10, 9, 4,13)( 3, 6)(14,15), 
  ( 1, 9, 3,13)( 2, 6,10,16)( 4,12,14, 8)( 5,11,15, 7), 
  ( 1,15)( 2,12)( 3, 5)( 4, 6)( 7,13)( 8,10)( 9,11)(14,16), 
  ( 1,16)( 2,13)( 3, 6)( 4, 5)( 7,12)( 8,11)( 9,10)(14,15), 
  ( 2,14,10)( 3, 7,11)( 6, 8,12)( 9,15,13), 
  ( 1,14, 7, 4, 3,10)( 2,11)( 5, 6,13,16,15, 8)( 9,12), 
  ( 1,10)( 2, 3)( 4, 7)( 5, 8)( 6, 9)(11,14)(12,15)(13,16), 
  ( 1,11)( 2, 4)( 3, 7)( 5, 9)( 6, 8)(10,14)(12,16)(13,15), 
  ( 1, 2, 3,10)( 4,11,14, 7)( 5,12,15, 8)( 6,13,16, 9), 
  ( 1, 7, 3)( 4,10,14)( 5,13,15)( 6,16, 8), 
  ( 1, 3,11)( 2, 4,14)( 5,15, 9)( 6,12,16), ( 1, 4)( 2, 3,10,11,14, 7)( 5,16)
    ( 6,13,12,15, 8, 9), ( 1, 5)( 2, 6)( 3, 9)( 4,16)( 7,13)( 8,10)(11,15)
    (12,14), ( 1, 6,11, 8)( 2,13, 4,15)( 3,12, 7,16)( 5,14, 9,10), 
  ( 1,12, 3, 8)( 2,15,10, 5)( 4, 9,14,13)( 6, 7,16,11), 
  ( 1,13, 3, 9)( 2,16,10, 6)( 4, 8,14,12)( 5, 7,15,11), 
  ( 1, 8)( 2,15)( 3,12)( 4,13)( 5,10)( 6,11)( 7,16)( 9,14), 
  ( 1, 9, 7,15)( 2, 8,14,16)( 3, 5,11,13)( 4,12,10, 6), 
  ( 1,15, 7, 9)( 2,16,14, 8)( 3,13,11, 5)( 4, 6,10,12), 
  ( 1,16)( 2,15)( 3,12)( 4, 5)( 6,11)( 7, 8)( 9,14)(10,13), 
  ( 2,14)( 3,11)( 6,12)( 9,15), ( 1,14)( 2,11)( 3, 4)( 5, 6)( 7,10)( 8,13)
    ( 9,12)(15,16), ( 1,10,11,14)( 2, 3, 4, 7)( 5, 8, 9, 6)(12,15,16,13), 
  ( 1,11)( 2, 4)( 5, 9)(12,16), ( 1, 2, 3, 4,11,14)( 5,12,15,16, 9, 6)( 7,10)
    ( 8,13), ( 1, 7)( 4,10)( 5,13)( 8,16), 
  ( 1, 3, 7,11)( 2, 4,14,10)( 5,15,13, 9)( 6, 8,12,16), 
  ( 1, 4)( 2, 3)( 5,16)( 6, 9)( 7,10)( 8,13)(11,14)(12,15), 
  ( 1, 5)( 2, 6,10,12,14, 8)( 3,13,11,15, 7, 9)( 4,16), 
  ( 1, 6)( 2,13)( 3,16)( 4,15)( 5,14)( 7,12)( 8,11)( 9,10), 
  ( 1,12, 3,16,11, 6)( 2,15, 4, 9,14, 5)( 7, 8)(10,13), 
  ( 1,13,11, 5, 7, 9)( 2,16,10,12, 4, 8)( 3,15)( 6,14), 
  ( 1, 8,11, 6)( 2,15, 4,13)( 3,16, 7,12)( 5,10, 9,14), 
  ( 1, 9, 7, 5,11,13)( 2, 8, 4,12,10,16)( 3,15)( 6,14), 
  ( 1,15,11, 5, 3, 9)( 2,16,14,12, 4, 6)( 7,13)( 8,10), 
  ( 1,16)( 2,15,10, 9,14,13)( 3, 8,11, 6, 7,12)( 4, 5), 
  ( 2,10)( 7,11)( 8,12)( 9,13), ( 1,14,11,10)( 2, 7, 4, 3)( 5, 6, 9, 8)
    (12,13,16,15), ( 1,10)( 2,11)( 3,14)( 4, 7)( 5, 8)( 6,15)( 9,12)(13,16), 
  ( 1,11, 7, 3)( 2,10,14, 4)( 5, 9,13,15)( 6,16,12, 8), 
  ( 1, 2, 7, 4,11,10)( 3,14)( 5,12,13,16, 9, 8)( 6,15), 
  ( 1, 7, 3,11)( 2, 4,10,14)( 5,13,15, 9)( 6,12,16, 8), 
  ( 1, 3)( 4,14)( 5,15)( 6,16), ( 1, 4)( 2, 7)( 3,14)( 5,16)( 6,15)( 8, 9)
    (10,11)(12,13), ( 1, 5)( 2,12)( 3,15)( 4,16)( 6,14)( 7,13)( 8,10)( 9,11), 
  ( 1, 6, 7,16, 3, 8)( 2, 9)( 4,15,10, 5,14,13)(11,12), 
  ( 1,12, 7,16,11, 8)( 2,13, 4, 9,10, 5)( 3, 6)(14,15), 
  ( 1,13, 3, 5, 7,15)( 2,12)( 4, 8,14,16,10, 6)( 9,11), 
  ( 1, 8)( 2, 9)( 3, 6)( 4,13)( 5,10)( 7,16)(11,12)(14,15), 
  ( 1, 9)( 2,16)( 3,13)( 4,12)( 5,11)( 6,10)( 7,15)( 8,14), 
  ( 1,15)( 2, 8)( 3, 5)( 4, 6)( 7, 9)(10,12)(11,13)(14,16), 
  ( 1,16)( 2, 9)( 3, 6)( 4, 5)( 7, 8)(10,13)(11,12)(14,15), 
  ( 3, 7)( 6, 8)(10,14)(13,15), ( 1,14, 7, 2)( 3,10,11, 4)( 5, 6,13,12)
    ( 8, 9,16,15), ( 1,10, 3, 2)( 4, 7,14,11)( 5, 8,15,12)( 6, 9,16,13), 
  ( 1,11, 3, 7)( 2,14,10, 4)( 5, 9,15,13)( 6, 8,16,12), 
  ( 1, 2)( 3,10)( 4,11)( 5,12)( 6,13)( 7,14)( 8,15)( 9,16), 
  ( 1, 7,11, 3)( 2,14, 4,10)( 5,13, 9,15)( 6,16, 8,12), 
  ( 1, 3,11, 7)( 2,10, 4,14)( 5,15, 9,13)( 6,12, 8,16), 
  ( 1, 4)( 2,11)( 3,10)( 5,16)( 6,13)( 7,14)( 8,15)( 9,12), 
  ( 1, 5)( 2, 8,14,12,10, 6)( 3, 9, 7,15,11,13)( 4,16), 
  ( 1, 6,11,16, 3,12)( 2, 5,14, 9, 4,15)( 7, 8)(10,13), 
  ( 1,12)( 2, 5)( 3, 8)( 4, 9)( 6, 7)(10,15)(11,16)(13,14), 
  ( 1,13)( 2, 6)( 3, 9)( 4, 8)( 5, 7)(10,16)(11,15)(12,14), 
  ( 1, 8, 3,12)( 2, 5,10,15)( 4,13,14, 9)( 6,11,16, 7), 
  ( 1, 9, 3, 5,11,15)( 2, 6, 4,12,14,16)( 7,13)( 8,10), 
  ( 1,15, 7, 5, 3,13)( 2,12)( 4, 6,10,16,14, 8)( 9,11), 
  ( 1,16)( 2,13,14, 9,10,15)( 3,12, 7, 6,11, 8)( 4, 5), 
  ( 2,10,14)( 3,11, 7)( 6,12, 8)( 9,13,15), ( 1,14)( 2, 7)( 3, 4)( 5, 6)( 8, 9)
    (10,11)(12,13)(15,16), ( 1,10, 3, 4, 7,14)( 2,11)( 5, 8,15,16,13, 6)( 9,12),
  ( 1,11, 7)( 2,10, 4)( 5, 9,13)( 8,16,12), 
  ( 1, 2, 7,14)( 3, 4,11,10)( 5,12,13, 6)( 8,15,16, 9), 
  ( 1, 7,11)( 2, 4,10)( 5,13, 9)( 8,12,16), 
  ( 1, 3, 7)( 4,14,10)( 5,15,13)( 6, 8,16), ( 1, 4)( 2, 7,14,11,10, 3)( 5,16)
    ( 6, 9, 8,15,12,13), ( 1, 5)( 2,12)( 3,13)( 4,16)( 6,10)( 7,15)( 8,14)
    ( 9,11), ( 1, 6)( 2, 9)( 3,16)( 4,15)( 5,14)( 7, 8)(10,13)(11,12), 
  ( 1,12, 7, 6)( 2,13,14, 5)( 3,16,11, 8)( 4, 9,10,15), 
  ( 1,13)( 2,12)( 3,15)( 4, 8)( 5, 7)( 6,14)( 9,11)(10,16), 
  ( 1, 8, 3,16, 7, 6)( 2, 9)( 4,13,14, 5,10,15)(11,12), 
  ( 1, 9)( 2,16)( 3,15)( 4,12)( 5,11)( 6,14)( 7,13)( 8,10), 
  ( 1,15,11,13)( 2, 8, 4, 6)( 3, 9, 7, 5)(10,16,14,12), 
  ( 1,16)( 2, 9)( 3, 8)( 4, 5)( 6, 7)(10,15)(11,12)(13,14) ]
brk_03> false
brk_03> false
brk_03> 40320
brk_03> 80640
brk_03> Group([ ( 4, 6)( 7, 9)(11,13)(14,16), ( 3, 7)( 6, 8)(10,14)(13,15), 
  ( 2,10)( 7,11)( 8,12)( 9,13), ( 1, 2)( 3,10)( 4,11)( 5,12)( 6,13)( 7,14)
    ( 8,15)( 9,16) ])
brk_03> Syntax error: warning: unbound global variable in *errin* line 7
agmm4:=Group(
      ^
> Syntax error: ] expected in *errin* line 8
[(),(1,2)(16,9),()(),()(),()(),
                  ^
> brk_03> Syntax error: warning: unbound global variable in *errin* line 10
agmm4:=Group(
      ^
> Variable: 'agmm4' must have a value
Syntax error: ) expected in *errin* line 11
agmm4:=Group([
      ^
> > > > > > > > brk_03> Syntax error: warning: unbound global variable in *errin* line 20
agmm4;
     ^
Variable: 'agmm4' must have a value
brk_03> Syntax error: warning: unbound global variable in *errin* line 21
agmm4:=Group([ \
      ^
> Syntax error: expression expected in *errin* line 22
;
^
brk_03> Syntax error: warning: unbound global variable in *errin* line 23
agmm4:=Group( \
      ^
> Syntax error: expression expected in *errin* line 24
;
^
brk_03> Syntax error: warning: unbound global variable in *errin* line 25
agmm4:=Group(
      ^
> Syntax error: expression expected in *errin* line 26
quit;
   ^
brk_03> brk_02> brk> gap> agmm4:=Group(
> (),
> (1,2)(16,9),
> (1,14)(16,15),
> (1,7)(16,8),
> (1,10)(16,13),
> (1,3)(16,6),
> (1,11)(16,12),
> (1,4)(16,5));
<permutation group with 8 generators>
gap> Size(last);
40320
gap> agmt4:=DirectProduct(agmm4,Group((),(1,16)));
<permutation group with 10 generators>
gap> Size(last);
80640
gap> Intersection(agmt4,agh4);
Group([ ( 2,10)( 7,11)( 8,12)( 9,13), ( 2,10,14)( 3,11, 7)( 6,12, 8)( 9,13,15), 
  ( 1, 2, 3, 4,11,14)( 5,12,15,16, 9, 6)( 7,10)( 8,13) ])
gap> Size(last);
48
gap> IsGroup(last);
false
gap> List(last);
Error, no method found! For debugging hints type ?Recovery from NoMethodFound
Error no 1st choice method found for `ListOp' on 1 arguments at
Error( no_method_found );
CallFuncList( ListOp, arg ) called from
<function>( <arguments> ) called from read-eval-loop
Entering break read-eval-print loop, you can 'quit;' to quit to outer loop,
or you can return to continue
brk> gap> iagh4:=Intersection(agmt4,agh4);
Group([ ( 2,10)( 7,11)( 8,12)( 9,13), ( 2,10,14)( 3,11, 7)( 6,12, 8)( 9,13,15), 
  ( 1, 2, 3, 4,11,14)( 5,12,15,16, 9, 6)( 7,10)( 8,13) ])
gap> List(last);
[ (), ( 1,14,11, 4, 3, 2)( 5, 6, 9,16,15,12)( 7,10)( 8,13), 
  ( 1,10,11, 4, 7, 2)( 3,14)( 5, 8, 9,16,13,12)( 6,15), 
  ( 1,11, 3)( 2,14, 4)( 5, 9,15)( 6,16,12), ( 1, 2)( 3,14)( 4,11)( 5,12)( 6,15)
    ( 7,10)( 8,13)( 9,16), ( 1, 7)( 2,14)( 3,11)( 4,10)( 5,13)( 6,12)( 8,16)
    ( 9,15), ( 1, 3)( 2,10)( 4,14)( 5,15)( 6,16)( 7,11)( 8,12)( 9,13), 
  ( 1, 4)( 2,11)( 3,14)( 5,16)( 6,15)( 7,10)( 8,13)( 9,12), 
  ( 2,14,10)( 3, 7,11)( 6, 8,12)( 9,15,13), 
  ( 1,14, 7, 4, 3,10)( 2,11)( 5, 6,13,16,15, 8)( 9,12), 
  ( 1,10)( 2, 3)( 4, 7)( 5, 8)( 6, 9)(11,14)(12,15)(13,16), 
  ( 1,11)( 2, 4)( 3, 7)( 5, 9)( 6, 8)(10,14)(12,16)(13,15), 
  ( 1, 2, 3,10)( 4,11,14, 7)( 5,12,15, 8)( 6,13,16, 9), 
  ( 1, 7, 3)( 4,10,14)( 5,13,15)( 6,16, 8), 
  ( 1, 3,11)( 2, 4,14)( 5,15, 9)( 6,12,16), ( 1, 4)( 2, 3,10,11,14, 7)( 5,16)
    ( 6,13,12,15, 8, 9), ( 2,14)( 3,11)( 6,12)( 9,15), 
  ( 1,14)( 2,11)( 3, 4)( 5, 6)( 7,10)( 8,13)( 9,12)(15,16), 
  ( 1,10,11,14)( 2, 3, 4, 7)( 5, 8, 9, 6)(12,15,16,13), 
  ( 1,11)( 2, 4)( 5, 9)(12,16), ( 1, 2, 3, 4,11,14)( 5,12,15,16, 9, 6)( 7,10)
    ( 8,13), ( 1, 7)( 4,10)( 5,13)( 8,16), 
  ( 1, 3, 7,11)( 2, 4,14,10)( 5,15,13, 9)( 6, 8,12,16), 
  ( 1, 4)( 2, 3)( 5,16)( 6, 9)( 7,10)( 8,13)(11,14)(12,15), 
  ( 2,10)( 7,11)( 8,12)( 9,13), ( 1,14,11,10)( 2, 7, 4, 3)( 5, 6, 9, 8)
    (12,13,16,15), ( 1,10)( 2,11)( 3,14)( 4, 7)( 5, 8)( 6,15)( 9,12)(13,16), 
  ( 1,11, 7, 3)( 2,10,14, 4)( 5, 9,13,15)( 6,16,12, 8), 
  ( 1, 2, 7, 4,11,10)( 3,14)( 5,12,13,16, 9, 8)( 6,15), 
  ( 1, 7, 3,11)( 2, 4,10,14)( 5,13,15, 9)( 6,12,16, 8), 
  ( 1, 3)( 4,14)( 5,15)( 6,16), ( 1, 4)( 2, 7)( 3,14)( 5,16)( 6,15)( 8, 9)
    (10,11)(12,13), ( 3, 7)( 6, 8)(10,14)(13,15), 
  ( 1,14, 7, 2)( 3,10,11, 4)( 5, 6,13,12)( 8, 9,16,15), 
  ( 1,10, 3, 2)( 4, 7,14,11)( 5, 8,15,12)( 6, 9,16,13), 
  ( 1,11, 3, 7)( 2,14,10, 4)( 5, 9,15,13)( 6, 8,16,12), 
  ( 1, 2)( 3,10)( 4,11)( 5,12)( 6,13)( 7,14)( 8,15)( 9,16), 
  ( 1, 7,11, 3)( 2,14, 4,10)( 5,13, 9,15)( 6,16, 8,12), 
  ( 1, 3,11, 7)( 2,10, 4,14)( 5,15, 9,13)( 6,12, 8,16), 
  ( 1, 4)( 2,11)( 3,10)( 5,16)( 6,13)( 7,14)( 8,15)( 9,12), 
  ( 2,10,14)( 3,11, 7)( 6,12, 8)( 9,13,15), ( 1,14)( 2, 7)( 3, 4)( 5, 6)( 8, 9)
    (10,11)(12,13)(15,16), ( 1,10, 3, 4, 7,14)( 2,11)( 5, 8,15,16,13, 6)( 9,12),
  ( 1,11, 7)( 2,10, 4)( 5, 9,13)( 8,16,12), 
  ( 1, 2, 7,14)( 3, 4,11,10)( 5,12,13, 6)( 8,15,16, 9), 
  ( 1, 7,11)( 2, 4,10)( 5,13, 9)( 8,12,16), 
  ( 1, 3, 7)( 4,14,10)( 5,15,13)( 6, 8,16), ( 1, 4)( 2, 7,14,11,10, 3)( 5,16)
    ( 6, 9, 8,15,12,13) ]
gap> quit;
